// Jest Snapshot v1, https://goo.gl/fbAQLP

exports[`Test <Task /> should be able to render with props 1`] = `"<div id=\\"_qvf8cg4dn\\" draggable=\\"true\\" class=\\"sc-bdVaJa sc-htpNat iCGEAK\\"><div class=\\"sc-ifAKCX gJLhNS\\">Body Of Task A</div><div class=\\"sc-bwzfXH sc-bxivhb eyLEbJ\\"><svg stroke=\\"currentColor\\" fill=\\"currentColor\\" stroke-width=\\"0\\" viewBox=\\"0 0 512 512\\" height=\\"1em\\" width=\\"1em\\" xmlns=\\"http://www.w3.org/2000/svg\\"><path d=\\"M64 368v80h80l235.727-235.729-79.999-79.998L64 368zm377.602-217.602c8.531-8.531 8.531-21.334 0-29.865l-50.135-50.135c-8.531-8.531-21.334-8.531-29.865 0l-39.468 39.469 79.999 79.998 39.469-39.467z\\"></path></svg></div></div>"`;

exports[`Test <Task /> should call handleOnBlur method 1`] = `"<div id=\\"_qvf8cg4dn\\" draggable=\\"true\\" class=\\"sc-bdVaJa sc-htpNat iCGEAK\\"><div class=\\"sc-ifAKCX gJLhNS\\">Body Of Task A</div><div class=\\"sc-bwzfXH sc-bxivhb eyLEbJ\\"><svg stroke=\\"currentColor\\" fill=\\"currentColor\\" stroke-width=\\"0\\" viewBox=\\"0 0 512 512\\" height=\\"1em\\" width=\\"1em\\" xmlns=\\"http://www.w3.org/2000/svg\\"><path d=\\"M64 368v80h80l235.727-235.729-79.999-79.998L64 368zm377.602-217.602c8.531-8.531 8.531-21.334 0-29.865l-50.135-50.135c-8.531-8.531-21.334-8.531-29.865 0l-39.468 39.469 79.999 79.998 39.469-39.467z\\"></path></svg></div></div>"`;

exports[`Test <Task /> should call toggleEdit method 1`] = `"<div id=\\"_qvf8cg4dn\\" draggable=\\"true\\" class=\\"sc-bdVaJa sc-htpNat iCGEAK\\"><input type=\\"text\\" placeholder=\\"\\" class=\\"sc-gzVnrw goKrNz\\" value=\\"Body Of Task A\\"><div class=\\"sc-bwzfXH sc-bxivhb eyLEbJ\\"><svg stroke=\\"currentColor\\" fill=\\"currentColor\\" stroke-width=\\"0\\" viewBox=\\"0 0 512 512\\" height=\\"1em\\" width=\\"1em\\" xmlns=\\"http://www.w3.org/2000/svg\\"><path d=\\"M64 368v80h80l235.727-235.729-79.999-79.998L64 368zm377.602-217.602c8.531-8.531 8.531-21.334 0-29.865l-50.135-50.135c-8.531-8.531-21.334-8.531-29.865 0l-39.468 39.469 79.999 79.998 39.469-39.467z\\"></path></svg></div></div>"`;

exports[`Test <Task /> should render task 1`] = `"<div id=\\"_qvf8cg4dn\\" draggable=\\"true\\" class=\\"sc-bdVaJa sc-htpNat iCGEAK\\"><div class=\\"sc-ifAKCX gJLhNS\\">Body Of Task A</div><div class=\\"sc-bwzfXH sc-bxivhb eyLEbJ\\"><svg stroke=\\"currentColor\\" fill=\\"currentColor\\" stroke-width=\\"0\\" viewBox=\\"0 0 512 512\\" height=\\"1em\\" width=\\"1em\\" xmlns=\\"http://www.w3.org/2000/svg\\"><path d=\\"M64 368v80h80l235.727-235.729-79.999-79.998L64 368zm377.602-217.602c8.531-8.531 8.531-21.334 0-29.865l-50.135-50.135c-8.531-8.531-21.334-8.531-29.865 0l-39.468 39.469 79.999 79.998 39.469-39.467z\\"></path></svg></div></div>"`;
